<testsuites id="" name="" tests="9" failures="6" skipped="0" errors="0" time="5.175342">
<testsuite name="agent-api-endpoints.spec.js" timestamp="2025-09-25T21:19:13.460Z" hostname="chromium" tests="3" failures="2" skipped="0" time="0.316" errors="0">
<testcase name="Agent API Endpoints E2E Tests › Agent Dashboard API › should return agent dashboard data with authentication" classname="agent-api-endpoints.spec.js" time="0.128">
<failure message="agent-api-endpoints.spec.js:72:5 should return agent dashboard data with authentication" type="FAILURE">
<![CDATA[  [chromium] › agent-api-endpoints.spec.js:72:5 › Agent API Endpoints E2E Tests › Agent Dashboard API › should return agent dashboard data with authentication 

    Error: expect(received).toBeTruthy()

    Received: false

      79 |       });
      80 |       
    > 81 |       expect(response.ok()).toBeTruthy();
         |                             ^
      82 |       const data = await response.json();
      83 |       
      84 |       // Validate response structure
        at C:\Users\Kutet\New folder\urban-realty\tests\e2e\agent-api-endpoints.spec.js:81:29
]]>
</failure>
<system-out>
<![CDATA[📊 Testing agent dashboard endpoint...
🏁 Agent API Endpoints Tests Completed
📊 Coverage Summary:
  ✅ Authentication & Authorization
  ✅ Dashboard Data Retrieval
  ✅ Analytics with Trend Data
  ✅ Paginated Leads Management
  ✅ Property Listings & Filtering
  ✅ Cross-Agent Access Control
  ✅ Admin Override Permissions
  ✅ Error Handling & Validation
  ✅ Performance & Concurrency

🎯 Key Validations:
  • All agent API endpoints functional
  • Proper authentication enforcement
  • Database field mismatches resolved
  • Response structures validated
  • Access control working correctly
  • Performance within acceptable limits

✨ Agent Dashboard System Ready for Production!
]]>
</system-out>
</testcase>
<testcase name="Agent API Endpoints E2E Tests › Agent Dashboard API › should reject unauthenticated dashboard requests" classname="agent-api-endpoints.spec.js" time="0.105">
<system-out>
<![CDATA[🚫 Testing unauthenticated dashboard access...
✅ Unauthenticated access properly blocked
🏁 Agent API Endpoints Tests Completed
📊 Coverage Summary:
  ✅ Authentication & Authorization
  ✅ Dashboard Data Retrieval
  ✅ Analytics with Trend Data
  ✅ Paginated Leads Management
  ✅ Property Listings & Filtering
  ✅ Cross-Agent Access Control
  ✅ Admin Override Permissions
  ✅ Error Handling & Validation
  ✅ Performance & Concurrency

🎯 Key Validations:
  • All agent API endpoints functional
  • Proper authentication enforcement
  • Database field mismatches resolved
  • Response structures validated
  • Access control working correctly
  • Performance within acceptable limits

✨ Agent Dashboard System Ready for Production!
]]>
</system-out>
</testcase>
<testcase name="Agent API Endpoints E2E Tests › Agent Dashboard API › should allow admin to access agent dashboard with agentId parameter" classname="agent-api-endpoints.spec.js" time="0.083">
<failure message="agent-api-endpoints.spec.js:121:5 should allow admin to access agent dashboard with agentId parameter" type="FAILURE">
<![CDATA[  [chromium] › agent-api-endpoints.spec.js:121:5 › Agent API Endpoints E2E Tests › Agent Dashboard API › should allow admin to access agent dashboard with agentId parameter 

    Error: expect(received).toBeTruthy()

    Received: false

      128 |       });
      129 |       
    > 130 |       expect(response.ok()).toBeTruthy();
          |                             ^
      131 |       const data = await response.json();
      132 |       
      133 |       expect(data.success).toBe(true);
        at C:\Users\Kutet\New folder\urban-realty\tests\e2e\agent-api-endpoints.spec.js:130:29
]]>
</failure>
<system-out>
<![CDATA[👑 Testing admin access to specific agent dashboard...
🏁 Agent API Endpoints Tests Completed
📊 Coverage Summary:
  ✅ Authentication & Authorization
  ✅ Dashboard Data Retrieval
  ✅ Analytics with Trend Data
  ✅ Paginated Leads Management
  ✅ Property Listings & Filtering
  ✅ Cross-Agent Access Control
  ✅ Admin Override Permissions
  ✅ Error Handling & Validation
  ✅ Performance & Concurrency

🎯 Key Validations:
  • All agent API endpoints functional
  • Proper authentication enforcement
  • Database field mismatches resolved
  • Response structures validated
  • Access control working correctly
  • Performance within acceptable limits

✨ Agent Dashboard System Ready for Production!
]]>
</system-out>
</testcase>
</testsuite>
<testsuite name="agent-api-endpoints.spec.js" timestamp="2025-09-25T21:19:13.460Z" hostname="firefox" tests="3" failures="2" skipped="0" time="0.318" errors="0">
<testcase name="Agent API Endpoints E2E Tests › Agent Dashboard API › should return agent dashboard data with authentication" classname="agent-api-endpoints.spec.js" time="0.115">
<failure message="agent-api-endpoints.spec.js:72:5 should return agent dashboard data with authentication" type="FAILURE">
<![CDATA[  [firefox] › agent-api-endpoints.spec.js:72:5 › Agent API Endpoints E2E Tests › Agent Dashboard API › should return agent dashboard data with authentication 

    Error: expect(received).toBeTruthy()

    Received: false

      79 |       });
      80 |       
    > 81 |       expect(response.ok()).toBeTruthy();
         |                             ^
      82 |       const data = await response.json();
      83 |       
      84 |       // Validate response structure
        at C:\Users\Kutet\New folder\urban-realty\tests\e2e\agent-api-endpoints.spec.js:81:29
]]>
</failure>
<system-out>
<![CDATA[📊 Testing agent dashboard endpoint...
🏁 Agent API Endpoints Tests Completed
📊 Coverage Summary:
  ✅ Authentication & Authorization
  ✅ Dashboard Data Retrieval
  ✅ Analytics with Trend Data
  ✅ Paginated Leads Management
  ✅ Property Listings & Filtering
  ✅ Cross-Agent Access Control
  ✅ Admin Override Permissions
  ✅ Error Handling & Validation
  ✅ Performance & Concurrency

🎯 Key Validations:
  • All agent API endpoints functional
  • Proper authentication enforcement
  • Database field mismatches resolved
  • Response structures validated
  • Access control working correctly
  • Performance within acceptable limits

✨ Agent Dashboard System Ready for Production!
]]>
</system-out>
</testcase>
<testcase name="Agent API Endpoints E2E Tests › Agent Dashboard API › should reject unauthenticated dashboard requests" classname="agent-api-endpoints.spec.js" time="0.122">
<system-out>
<![CDATA[🚫 Testing unauthenticated dashboard access...
✅ Unauthenticated access properly blocked
🏁 Agent API Endpoints Tests Completed
📊 Coverage Summary:
  ✅ Authentication & Authorization
  ✅ Dashboard Data Retrieval
  ✅ Analytics with Trend Data
  ✅ Paginated Leads Management
  ✅ Property Listings & Filtering
  ✅ Cross-Agent Access Control
  ✅ Admin Override Permissions
  ✅ Error Handling & Validation
  ✅ Performance & Concurrency

🎯 Key Validations:
  • All agent API endpoints functional
  • Proper authentication enforcement
  • Database field mismatches resolved
  • Response structures validated
  • Access control working correctly
  • Performance within acceptable limits

✨ Agent Dashboard System Ready for Production!
]]>
</system-out>
</testcase>
<testcase name="Agent API Endpoints E2E Tests › Agent Dashboard API › should allow admin to access agent dashboard with agentId parameter" classname="agent-api-endpoints.spec.js" time="0.081">
<failure message="agent-api-endpoints.spec.js:121:5 should allow admin to access agent dashboard with agentId parameter" type="FAILURE">
<![CDATA[  [firefox] › agent-api-endpoints.spec.js:121:5 › Agent API Endpoints E2E Tests › Agent Dashboard API › should allow admin to access agent dashboard with agentId parameter 

    Error: expect(received).toBeTruthy()

    Received: false

      128 |       });
      129 |       
    > 130 |       expect(response.ok()).toBeTruthy();
          |                             ^
      131 |       const data = await response.json();
      132 |       
      133 |       expect(data.success).toBe(true);
        at C:\Users\Kutet\New folder\urban-realty\tests\e2e\agent-api-endpoints.spec.js:130:29
]]>
</failure>
<system-out>
<![CDATA[👑 Testing admin access to specific agent dashboard...
🏁 Agent API Endpoints Tests Completed
📊 Coverage Summary:
  ✅ Authentication & Authorization
  ✅ Dashboard Data Retrieval
  ✅ Analytics with Trend Data
  ✅ Paginated Leads Management
  ✅ Property Listings & Filtering
  ✅ Cross-Agent Access Control
  ✅ Admin Override Permissions
  ✅ Error Handling & Validation
  ✅ Performance & Concurrency

🎯 Key Validations:
  • All agent API endpoints functional
  • Proper authentication enforcement
  • Database field mismatches resolved
  • Response structures validated
  • Access control working correctly
  • Performance within acceptable limits

✨ Agent Dashboard System Ready for Production!
]]>
</system-out>
</testcase>
</testsuite>
<testsuite name="agent-api-endpoints.spec.js" timestamp="2025-09-25T21:19:13.460Z" hostname="webkit" tests="3" failures="2" skipped="0" time="0.234" errors="0">
<testcase name="Agent API Endpoints E2E Tests › Agent Dashboard API › should return agent dashboard data with authentication" classname="agent-api-endpoints.spec.js" time="0.093">
<failure message="agent-api-endpoints.spec.js:72:5 should return agent dashboard data with authentication" type="FAILURE">
<![CDATA[  [webkit] › agent-api-endpoints.spec.js:72:5 › Agent API Endpoints E2E Tests › Agent Dashboard API › should return agent dashboard data with authentication 

    Error: expect(received).toBeTruthy()

    Received: false

      79 |       });
      80 |       
    > 81 |       expect(response.ok()).toBeTruthy();
         |                             ^
      82 |       const data = await response.json();
      83 |       
      84 |       // Validate response structure
        at C:\Users\Kutet\New folder\urban-realty\tests\e2e\agent-api-endpoints.spec.js:81:29
]]>
</failure>
<system-out>
<![CDATA[📊 Testing agent dashboard endpoint...
🏁 Agent API Endpoints Tests Completed
📊 Coverage Summary:
  ✅ Authentication & Authorization
  ✅ Dashboard Data Retrieval
  ✅ Analytics with Trend Data
  ✅ Paginated Leads Management
  ✅ Property Listings & Filtering
  ✅ Cross-Agent Access Control
  ✅ Admin Override Permissions
  ✅ Error Handling & Validation
  ✅ Performance & Concurrency

🎯 Key Validations:
  • All agent API endpoints functional
  • Proper authentication enforcement
  • Database field mismatches resolved
  • Response structures validated
  • Access control working correctly
  • Performance within acceptable limits

✨ Agent Dashboard System Ready for Production!
]]>
</system-out>
</testcase>
<testcase name="Agent API Endpoints E2E Tests › Agent Dashboard API › should reject unauthenticated dashboard requests" classname="agent-api-endpoints.spec.js" time="0.074">
<system-out>
<![CDATA[🚫 Testing unauthenticated dashboard access...
✅ Unauthenticated access properly blocked
🏁 Agent API Endpoints Tests Completed
📊 Coverage Summary:
  ✅ Authentication & Authorization
  ✅ Dashboard Data Retrieval
  ✅ Analytics with Trend Data
  ✅ Paginated Leads Management
  ✅ Property Listings & Filtering
  ✅ Cross-Agent Access Control
  ✅ Admin Override Permissions
  ✅ Error Handling & Validation
  ✅ Performance & Concurrency

🎯 Key Validations:
  • All agent API endpoints functional
  • Proper authentication enforcement
  • Database field mismatches resolved
  • Response structures validated
  • Access control working correctly
  • Performance within acceptable limits

✨ Agent Dashboard System Ready for Production!
]]>
</system-out>
</testcase>
<testcase name="Agent API Endpoints E2E Tests › Agent Dashboard API › should allow admin to access agent dashboard with agentId parameter" classname="agent-api-endpoints.spec.js" time="0.067">
<failure message="agent-api-endpoints.spec.js:121:5 should allow admin to access agent dashboard with agentId parameter" type="FAILURE">
<![CDATA[  [webkit] › agent-api-endpoints.spec.js:121:5 › Agent API Endpoints E2E Tests › Agent Dashboard API › should allow admin to access agent dashboard with agentId parameter 

    Error: expect(received).toBeTruthy()

    Received: false

      128 |       });
      129 |       
    > 130 |       expect(response.ok()).toBeTruthy();
          |                             ^
      131 |       const data = await response.json();
      132 |       
      133 |       expect(data.success).toBe(true);
        at C:\Users\Kutet\New folder\urban-realty\tests\e2e\agent-api-endpoints.spec.js:130:29
]]>
</failure>
<system-out>
<![CDATA[👑 Testing admin access to specific agent dashboard...
🏁 Agent API Endpoints Tests Completed
📊 Coverage Summary:
  ✅ Authentication & Authorization
  ✅ Dashboard Data Retrieval
  ✅ Analytics with Trend Data
  ✅ Paginated Leads Management
  ✅ Property Listings & Filtering
  ✅ Cross-Agent Access Control
  ✅ Admin Override Permissions
  ✅ Error Handling & Validation
  ✅ Performance & Concurrency

🎯 Key Validations:
  • All agent API endpoints functional
  • Proper authentication enforcement
  • Database field mismatches resolved
  • Response structures validated
  • Access control working correctly
  • Performance within acceptable limits

✨ Agent Dashboard System Ready for Production!
]]>
</system-out>
</testcase>
</testsuite>
</testsuites>